<p>Lipsum Lorem <object data="{% static 'scratch-blocks-.svg' %}" type="image/svg+xml"></object> ipsem.</p>
