<p>How about some scratch: <img class="scratch-blocks" onerror="this.src='scratch-blocks-.png'" src="scratch-blocks-.svg"></p>
