<p>How about some scratch: <object data="{% static 'scratch-blocks-.svg' %}" type="image/svg+xml"></object> which is the same as the python expression: <code>print('Hello')</code></p>
