<p>How about some scratch: <object data="{% static 'scratch-blocks-.svg' %}" type="image/svg+xml"></object> which will lead into the expression <object data="{% static 'scratch-blocks-.svg' %}" type="image/svg+xml"></object> which causes the avatar to <object data="{% static 'scratch-blocks-.svg' %}" type="image/svg+xml"></object>.</p>
