<iframe allowfullscreen frameborder='0' src='https://www.youtube.com/embed/Uw0PISu2pog?autoplay=1&loop=1'></iframe>
