<p>
 Engineering Disasters 13: Software Flaws
</p>
<iframe allowfullscreen="allowfullscreen" frameborder="0" src="http://youtu.be/EMVBLg2MrLs">
</iframe>
<p>
 is an excerpt from Engineering Disaster Episode 13 explaining software flaws in Ariane 5 and Patriot Missiles
</p>