<h1 id="example-title">
 <span class="section_number">
  1.0.0.0.0.0.
 </span>
 Example Title
</h1>
<p>
 This is a sentence.
</p>
<p>
 Check out this
 <a href="{{ base_path }}resource/134">
  resource
 </a>
 .
</p>
<div class="panel panel-teacher-note">
 <div class="panel-header">
  <strong>
   Teacher Note:
  </strong>
  Guides for Algorithms
 </div>
 <div class="panel-body">
  <p>
   This text is the panel's contents.
  </p>
 </div>
</div>
<div class="text-center">
 <img class="rounded img-thumbnail" src="http://placehold.it/350x150"/>
</div>
<div class="card">
 <div class="card-block">
  <p>
   <strong>
    Computer Science Report for 2.44
   </strong>
  </p>
  <p>
   Put your introduction to what bits are here.
  </p>
 </div>
</div>
