<div>
<img alt="This is alt text" class="left-align" src="http://placehold.it/350x150" title="This is hover text" />
<p>Dancing with our hands tied.</p>
<p><a href="https://placehold.it/">Source</a></p>
</div>
<div>
<img alt="This is alt text" class="left-align" src="http://placehold.it/250x50" title="This is hover text" />
<p><a href="https://placehold.it/">Source</a></p>
</div>
