<div class="clearfix">
<ul class="collapsible panel" data-collapsible="accordion">
<li class="panel-selector panel-extra-for-experts">
<div class="collapsible-header">
<div class="panel-heading">Extra For Experts: ExternalLink</div>
<div class="dropdown-menu-arrow">â–¼</div>
</div>
<div class="collapsible-body">
<p>The formal term for working out the cost of an algorithm is <a href="https://en.wikipedia.org/wiki/Analysis_of_algorithms">algorithm analysis</a>,
and we often refer to the cost as the algorithm's <em>complexity</em>.
</p>
</div>
</li>
</ul>
</div>