<div class="clearfix">
<ul class="collapsible panel" data-collapsible="accordion">
<li class="panel-selector panel-extra-for-experts">
<div class="collapsible-header">
<div class="panel-heading">Extra For Experts: Mathblocks</div>
<div class="dropdown-menu-arrow">▼</div>
</div>
<div class="collapsible-body">
<p>
It's hard to write that down (although you could use “”), so we have a symbol especially for it, which is the Greek letter epsilon: {math}\epsilon{math end}.
You'll come across {math}\epsilon{math end} quite often with formal languages.
</p>
</div>
</li>
</ul>
</div>