<div>
  <img src="http://placehold.it/350x150" title="This is hover text" class="float-left"/>
  <p>Placeholder image</p>
  <p><a href="https://placehold.it/">Source</a></p>
</div>
