<p>{panel type="teacher-note" summary="Solution"}</p>
<p>The following image shows which pixels would be coloured in (rounding the coordinates above to the nearest integer).</p>
<div>{% load static %}
<a data-featherlight="image" data-featherlight-close-on-click="anywhere" href="{% static 'main/images/grid-20x20-diagonal-answer.png' %}">
  <img class="responsive-img" src="{% static 'main/images/grid-20x20-diagonal-answer.png' %}" />
</a>
</div>
<p>{panel end}</p>