<div class="text-center">
  <img src="http://placehold.it/350x150" class="rounded img-thumbnail">
</div>
