<a class="btn btn-interactive-link" href="{% url 'interactive' name='binary-cards' %}?digits=5&start=BBBBB">
 <div class="btn-interactive-whole-page-text">
  Binary Cards Interactive
 </div>
</a>
