<iframe src="{% url 'interactive' name='binary-cards' %}?digits=5&start=BBBBB">
 <p>Your browser does not support iframes.</p>
</iframe>
