<a class="btn btn-interactive-link" href="{% url 'interactive' name='binary-cards' %}?digits=5&start=BBBBB">
 <img class="btn-interactive-link-image" src="{% static 'binary-cards/thumbnail.png' %}">
 <div class="btn-interactive-whole-page-text">
  Binary Cards Interactive
 </div>
</a>
