<div>
 {{% include 'interactive/binary_search/index.html' %}}
</div>
