<div class="clearfix">
<ul class="collapsible panel" data-collapsible="accordion">
<li class="panel-selector panel-extra-for-experts">
<div class="collapsible-header">
<div class="panel-heading">Extra For Experts: Pictures</div>
<div class="dropdown-menu-arrow">â–¼</div>
</div>
<div class="collapsible-body">
<div>{{% load static %}}
<a href="main/images/xkcd-1-to-10.png" data-featherlight="image" data-featherlight-close-on-click="anywhere">
<img src="main/images/xkcd-1-to-10.png" class='responsive-img'/>
</a>
</div>
<p>
It's a picture Barry!
</p>
</div>
</li>
</ul>
</div>
