<div class="clearfix">
<ul class="collapsible panel" data-collapsible="accordion">
<li class="panel-selector panel-extra-for-experts">
<div class="collapsible-header">
<div class="panel-heading">Extra For Experts: CodeBlock</div>
<div class="dropdown-menu-arrow">â–¼</div>
</div>
<div class="collapsible-body">
<code>
Hello World!
</code>
</div>
</li>
</ul>
</div>
