<iframe src="https://github.com/" class="embed-iframe" width="400" height="300" frameborder="0"></iframe>
