<iframe src="{% url 'interactive' name='binary-cards' %}">
<p>Your browser does not support iframes.</p>
</iframe>
