<a class="btn btn-interactive-link" href="{% url 'interactive' name='binary-cards' %}">
<img class="btn-interactive-link-image" src="{% static 'binarycards.png' %}" />
<div class="btn-interactive-whole-page-text">
Click to load binary-cards
</div>
</a>
