<a class="btn btn-interactive-link" href="{% url 'interactive' name='binary-cards' %}">
<img class="btn-interactive-link-image" src="{% static 'thumbnail.png' %}" />
<div class="btn-interactive-whole-page-text">
Binary Cards Interactive
</div>
</a>
