<ol>
<li>
<p>Lipsum</p>
<ul>
<li>Ichi</li>
<li>Ni</li>
<li>San</li>
</ul>
</li>
<li>
<p>Lorem</p>
</li>
<li>
<p>Ipsem<div>
<img src="http://placehold.it/350x150" title="This is hover text" />
<p><a href="https://placehold.it/">Source</a></p>
</div>
</p>
</li>
</ol>
