<div class="text-center">
<img src="http://placehold.it/350x150" class="rounded img-thumbnail" />
<h4>This is the caption text.</h4>
</div>
