<div class="boxed-text">
 <p>
  This text is displayed using a Bootstrap 4 card.
Where some more text might exist.
 </p>
</div>
