<p>{comment We could include a cartoon kangaroo in this curiosity box}</p>
<p>{comment We could include another cartoon kangaroo in this curiosity box}</p>