<p>
 Here is a fragment of code that is important:
</p>
<pre><code>string = &quot;Hello World!&quot;
</code></pre>
