<h4 id="this-is-an-h4">
 <span class="section_number">
  0.0.0.1.0.0.
 </span>
 This is an H4
</h4>
<h2 id="this-is-an-h2">
 <span class="section_number">
  0.1.0.0.0.0.
 </span>
 This is an H2
</h2>
<h3 id="this-is-an-h3">
 <span class="section_number">
  0.1.1.0.0.0.
 </span>
 This is an H3
</h3>
<h1 id="this-is-an-h1">
 <span class="section_number">
  1.0.0.0.0.0.
 </span>
 This is an H1
</h1>
<h3 id="this-is-an-h31">
 <span class="section_number">
  1.0.1.0.0.0.
 </span>
 This is an H3
</h3>
<h2 id="this-is-an-h21">
 <span class="section_number">
  1.1.0.0.0.0.
 </span>
 This is an H2
</h2>
<h4 id="this-is-an-h41">
 <span class="section_number">
  1.1.0.1.0.0.
 </span>
 This is an H4
</h4>
