<div class="panel panel-extra-for-experts">
 <div class="panel-header">
  <strong>
   Extra For Experts:
  </strong>
  Something About Love
 </div>
 <div class="panel-body">
  <br/>
 </div>
</div>
