{% if version >= 0.2.0 %}
<p>
 This content only appears if version is greater than 0.2.
</p>
{% endif %}
