<img class="scratch-blocks" src="scratch-blocks-12203e8a9d57d5a3bdc384522acd150c.svg" onerror="this.src='scratch-blocks-12203e8a9d57d5a3bdc384522acd150c.png'">
