<object type="image/svg+xml" data="{% static 'scratch-blocks-51b6c618e8440f64869ee24ad8405930.svg' %}">
</object>
