<p>
 Scratch is great for kids you can great simple code like:
</p>
<object data="{% static 'scratch-blocks-a3b77ed3c3fa57e43c830e338dc39d292c7def676e0e8f7545972b7da20275da.svg' %}" type="image/svg+xml">
</object>
<p>
 Which then easily builds into:
</p>
<object data="{% static 'scratch-blocks-cd6d9a0d464bb8f5eec1e6fc9a4e33378a64ebfce7c6198794ead614962f38e5.svg' %}" type="image/svg+xml">
</object>
<p>
 Finally they can create complex code like so:
</p>
<object data="{% static 'scratch-blocks-8e8a2129c3cecf32101248439961735fc1d45793fadc56e2575673f63d42b9fb.svg' %}" type="image/svg+xml">
</object>
